../Core/Src/ili9341.c:9:24:H24_RGB565.constprop	0	static
../Core/Src/ili9341.c:47:20:LCD_Data_16	0	static
../Core/Src/ili9341.c:19:20:LCD_Command	0	static
../Core/Src/ili9341.c:61:20:LCD_Window	24	static
../Core/Src/ili9341.c:33:20:LCD_Data_8	0	static
../Core/Src/ili9341.c:5:10:RGB	0	static
../Core/Src/ili9341.c:72:6:LCD_Pixel	8	static
../Core/Src/ili9341.c:77:6:LCD_Rect_Fill	32	static
../Core/Src/ili9341.c:368:13:LCD_Char.isra	64	static
../Core/Src/ili9341.c:87:6:LCD_Line	64	static
../Core/Src/ili9341.c:111:6:LCD_Rect	40	static
../Core/Src/ili9341.c:119:6:LCD_Triangle	48	static
../Core/Src/ili9341.c:128:6:LCD_Triangle_Fill	72	static
../Core/Src/ili9341.c:185:6:LCD_Ellipse	96	static
../Core/Src/ili9341.c:242:6:LCD_Circle	80	static
../Core/Src/ili9341.c:273:6:LCD_Circle_Helper	72	static
../Core/Src/ili9341.c:309:6:LCD_Rect_Round	56	static
../Core/Src/ili9341.c:327:6:LCD_Circle_Fill_Helper	72	static
../Core/Src/ili9341.c:360:6:LCD_Rect_Round_Fill	56	static
../Core/Src/ili9341.c:400:6:LCD_Font	64	static
../Core/Src/ili9341.c:420:6:LCD_FontRw	112	static
../Core/Src/ili9341.c:467:6:LCD_Bitmap	24	static
../Core/Src/ili9341.c:482:6:LCD_Bitmap_Mono	40	static
../Core/Src/ili9341.c:509:6:LCD_setupScrollArea	16	static
../Core/Src/ili9341.c:517:6:LCD_scrollAddress	8	static
../Core/Src/ili9341.c:523:5:LCD_scrollLine	24	static
../Core/Src/ili9341.c:534:6:LCD_Reset	16	static
../Core/Src/ili9341.c:543:6:LCD_Orientation	8	static
../Core/Src/ili9341.c:569:6:LCD_Init	8	static
