../Drivers/STM32F1xx_HAL_Driver/Inc/stm32f1xx_ll_bus.h:445:22:LL_APB1_GRP1_EnableClock	8	static
../Drivers/STM32F1xx_HAL_Driver/Inc/stm32f1xx_ll_bus.h:761:22:LL_APB2_GRP1_EnableClock	8	static
../Drivers/STM32F1xx_HAL_Driver/Inc/stm32f1xx_ll_adc.h:2836:22:LL_ADC_SetChannelSamplingTime.constprop	16	static,ignoring_inline_asm
../Drivers/CMSIS/Include/core_cm3.h:1686:26:NVIC_EncodePriority.constprop	0	static
../Core/Src/main.c:468:6:SystemClock_Config	8	static
../Core/Src/main.c:186:5:main	216	static,ignoring_inline_asm
../Core/Src/main.c:854:6:TIM3_Callback	20	static
../Core/Src/main.c:881:6:ADC_DMA_TransferComplete_Callback	0	static
../Core/Src/main.c:885:6:SysTick_Callback	0	static
../Core/Src/main.c:894:6:Error_Handler	0	static
